{
  "absent": false,
  "directory": false,
  "hypervisor": true,
  "networks": [
    {
      "answered": false,
      "bridge": false,
      "managed": true,
      "name": "bootwright-lab-lab-guests",
      "owned": false,
      "state": ""
    }
  ],
  "pool": "",
  "poolAnswered": false,
  "postcondition": false,
  "request": "e3b0c44298fc1c149afbf4c8996fb92427ae41e4649b934ca495991b7852b855",
  "services": [
    {
      "enabled": true,
      "name": "virtqemud.service",
      "state": "active"
    },
    {
      "enabled": true,
      "name": "virtnetworkd.service",
      "state": "active"
    },
    {
      "enabled": true,
      "name": "virtstoraged.service",
      "state": "active"
    }
  ],
  "uri": false
}
