{
  "absent": true,
  "answered": true,
  "controller": "",
  "disks": [
    {
      "name": "root",
      "present": false,
      "sizeGiB": 0
    }
  ],
  "domain": "",
  "listener": false,
  "owned": false,
  "postcondition": true,
  "power": "",
  "request": "e3b0c44298fc1c149afbf4c8996fb92427ae41e4649b934ca495991b7852b855",
  "state": "",
  "system": "",
  "unit": ""
}
