NAME                      SIZE         DIGEST                                                                   COMPUTED                                                                 ADDED                 RESERVED          STATE
rhel-9.8-x86_64-boot.iso  1045430272   sha256:e8b0f3a61d9c2e47b5a803f6d1c94e27a0b6d3f81c5e9a24d7b0e3f6a19c5d82  sha256:e8b0f3a61d9c2e47b5a803f6d1c94e27a0b6d3f81c5e9a24d7b0e3f6a19c5d82  2026-09-20T08:15:00Z  lab-rhel,lab-sno  verified
broken.iso                -            -                                                                        -                                                                        -                     -                 failed
rhel-9.8-x86_64-dvd.iso   13123217408  sha256:4c1f8e2b9d7a6c5e3f0b1a2d4e6f8a0c2b4d6e8f0a1c3e5b7d9f1a3c5e7b9d0f  -                                                                        2026-09-21T10:02:41Z  -                 failed

Failed
  broken.iso               its record is malformed, not canonical or names another image
  rhel-9.8-x86_64-dvd.iso  its bytes changed while they were read

  Remove a failed image with bootwright media delete --name <name> or replace it with bootwright media add --name <name> --from-file <path>, or --from-url <url> --sha256 <digest>; repeat bootwright media list --checksums for one that changed while it was read.
