{
  "schemaVersion": "v1alpha1",
  "command": "secret check",
  "ok": false,
  "exitCode": 1,
  "result": {
    "context": {
      "name": "lab",
      "mode": "ready"
    },
    "secrets": [
      {
        "name": "artifact-server-tls",
        "type": "tlsCertificate",
        "source": "generated",
        "parts": [
          "certificate",
          "private-key"
        ],
        "status": "available",
        "version": "ver-1c2d3e4f5a6b7c8d9e0f1a2b3c4d5e6f",
        "sequence": 0
      },
      {
        "name": "registry-pull-secret",
        "type": "dockerConfigJson",
        "source": "contextStore",
        "parts": [
          "value"
        ],
        "status": "missing",
        "version": null,
        "sequence": 0
      }
    ]
  },
  "diagnostics": [
    {
      "severity": "error",
      "code": "secret.input",
      "message": "secret registry-pull-secret is missing"
    }
  ],
  "logs": []
}
