Secret encryption

  Initialized     true
  Implementation  local-keyring
  State           ready
  Store           local-v4
  Key custody     local-keyfile-v1
  Active key      key-fixture-2

Keys
KEY            STATE    SEALS
key-fixture-1  retired  12
key-fixture-2  active   3

Items
  Current versions    3
  Bound versions      3
  Material parts      6
  Retained artifacts  0
  Cleanup required    false
