NAME                    TYPE              SOURCE     PARTS                    STATUS     VERSION
artifact-server-tls     tlsCertificate    generated  certificate,private-key  available  v1
bootwright-machine-key  sshKeyPair        generated  private-key,public-key   available  v2
lab-bmc-credentials     usernamePassword  generated  password,username        available  v1
