{
  "schemaVersion": "v1alpha1",
  "command": "secret list",
  "ok": true,
  "exitCode": 0,
  "result": {
    "context": {
      "name": "lab",
      "mode": "ready"
    },
    "secrets": [
      {
        "name": "artifact-server-tls",
        "type": "tlsCertificate",
        "source": "generated",
        "parts": [
          "certificate",
          "private-key"
        ],
        "state": "current",
        "currentVersion": "ver-1c2d3e4f5a6b7c8d9e0f1a2b3c4d5e6f",
        "currentSequence": 1,
        "boundVersions": 1
      },
      {
        "name": "lab-bmc-credentials",
        "type": "usernamePassword",
        "source": "generated",
        "parts": [
          "password",
          "username"
        ],
        "state": "stale",
        "currentVersion": "ver-4a5b6c7d8e9f0a1b2c3d4e5f6a7b8c9d",
        "currentSequence": 2,
        "boundVersions": 2
      },
      {
        "name": "registry-pull-secret",
        "type": "dockerConfigJson",
        "source": "contextStore",
        "parts": [
          "value"
        ],
        "state": "orphaned",
        "currentVersion": null,
        "currentSequence": 0,
        "boundVersions": 1
      }
    ]
  },
  "diagnostics": [],
  "logs": []
}
