NAME                  TYPE              SOURCE        PARTS                    STATE     CURRENT-VERSION  BOUND-VERSIONS
artifact-server-tls   tlsCertificate    generated     certificate,private-key  current   v1               1
lab-bmc-credentials   usernamePassword  generated     password,username        stale     v2               2
registry-pull-secret  dockerConfigJson  contextStore  value                    orphaned  -                1
