{
  "schemaVersion": "v1alpha1",
  "command": "secret encryption status",
  "ok": true,
  "exitCode": 0,
  "result": {
    "initialized": true,
    "implementation": {
      "type": "local-keyring",
      "store": {
        "id": "local-v4",
        "interfaceVersion": 1,
        "stateVersion": 1,
        "configVersion": 1
      },
      "keyCustody": {
        "id": "local-keyfile-v1",
        "interfaceVersion": 1,
        "stateVersion": 1,
        "configVersion": 1
      },
      "state": "ready"
    },
    "activeKey": "key-fixture-2",
    "keys": [
      {
        "id": "key-fixture-1",
        "state": "retired",
        "seals": 12
      },
      {
        "id": "key-fixture-2",
        "state": "active",
        "seals": 3
      }
    ],
    "items": {
      "currentVersions": 3,
      "boundVersions": 3,
      "materialParts": 6,
      "retainedArtifacts": 0,
      "cleanupRequired": false
    }
  },
  "diagnostics": [],
  "logs": []
}
