[OK] Context lab

  Mode  ready

Setup
  [OK]  Controller binding
  [OK]  Execution bundle

Desired
  Revision         rev-3b8d0f5a9c1e4d7b2a6f8c0e1d3b5a7f
  Environment      lab-rhel
  Files seen       14
  Objects decoded  14

Clusters
  [PENDING]  ContainerCluster/ocp-01

Storage clusters
  [SKIPPED]  StorageCluster/ceph-01

Shared services
  [OK]       ArtifactServer/lab-artifacts  controller
  [SKIPPED]  DNSServer/lab-dns             controller
  [FAIL]     Proxy/lab-proxy               controller

Secrets
  Declared  3
  Bindings  1

Next steps
  bootwright apply --context lab
  bootwright destroy --context lab

Lifecycle
  Operation  op-6f1c2a9e0b7d4c3f8a5e2d1b0c9f8e7a
  Verb       apply
  State      unknown
  Next       resolve

  [DONE]     serve artifacts for lab-artifacts on controller
  [FAIL]     proxy egress for lab-proxy on controller
  [DONE]     realize the libvirt host of lab-libvirt on controller
  [UNKNOWN]  realize the virtual machine rhel-01 and its controller
  [PENDING]  install the operating system of rhel-01

  Registered by  1.4.0 (9f2c1ab)
  Logs           /var/lib/bootwright/contexts/lab/state/operations/op-6f1c2a9e0b7d4c3f8a5e2d1b0c9f8e7a/logs

Unresolved machine-rhel-01
  Reason  domain bootwright-lab-rhel-01 on Machine hypervisor at 192.0.2.5 does not carry this context's ownership
  Remedy  remove or rename domain bootwright-lab-rhel-01 on Machine hypervisor at 192.0.2.5, which this context does not own
