Controller readiness

  Scope       context lab
  Controller  controller
  Platform    fedora 43/amd64
  Route       direct

Checks
  [OK]  Host                fedora 43/amd64
  [OK]  Installed host      verified local identity
  [OK]  Execution bundle    Python 3.14.7, Ansible 2.21.4
  [OK]  Container runtime   5.6.1-1.fc43
  [OK]  Target tools        openshift-clients 4.21.15, openshift-install 4.21.15
  [OK]  Libvirt client      libvirt client
  [OK]  Controller binding  controller

Planned changes
  none

  Outcome  ready
  Next     bootwright plan --context lab
