{
  "schemaVersion": "v1alpha1",
  "command": "secret list",
  "ok": false,
  "exitCode": 1,
  "result": null,
  "diagnostics": [
    {
      "severity": "error",
      "code": "context.input",
      "message": "context has no desired state; run context update --name lab --input-dir <dir>"
    }
  ],
  "logs": []
}
