{
  "schemaVersion": "v1alpha1",
  "command": "secret check",
  "ok": true,
  "exitCode": 0,
  "result": {
    "context": {
      "name": "lab",
      "mode": "ready"
    },
    "secrets": [
      {
        "name": "artifact-server-tls",
        "type": "tlsCertificate",
        "source": "generated",
        "parts": [
          "certificate",
          "private-key"
        ],
        "status": "available",
        "version": "ver-1c2d3e4f5a6b7c8d9e0f1a2b3c4d5e6f",
        "sequence": 0
      },
      {
        "name": "bootwright-machine-key",
        "type": "sshKeyPair",
        "source": "generated",
        "parts": [
          "private-key",
          "public-key"
        ],
        "status": "available",
        "version": "ver-7e6d5c4b3a291807f6e5d4c3b2a19080",
        "sequence": 0
      },
      {
        "name": "lab-bmc-credentials",
        "type": "usernamePassword",
        "source": "generated",
        "parts": [
          "password",
          "username"
        ],
        "status": "available",
        "version": "ver-4a5b6c7d8e9f0a1b2c3d4e5f6a7b8c9d",
        "sequence": 0
      }
    ]
  },
  "diagnostics": [],
  "logs": []
}
